[stepcone.gmrit.org/home.html]
[backblue.gif]
[fade.gif]
[index.html]
[stepcone.gmrit.org/assets/images/logo.png]
[stepcone.gmrit.org/assets/css/responsive.css]
[stepcone.gmrit.org/assets/css/bootstrap.min.css]
[stepcone.gmrit.org/assets/css/no-animate.css]
[stepcone.gmrit.org/assets/css/home.css]
[stepcone.gmrit.org/assets/css/home-page.css]
[cdnjs.cloudflare.com/ajax/libs/font-awesome/4.7.0/css/font-awesome.min.css]
[stepcone.gmrit.org/paper-presentations/index.html]
[stepcone.gmrit.org/paper-presentations/cse.html]
[stepcone.gmrit.org/paper-presentations/che.html]
[stepcone.gmrit.org/paper-presentations/civil.html]
[stepcone.gmrit.org/paper-presentations/ece.html]
[stepcone.gmrit.org/paper-presentations/eee.html]
[stepcone.gmrit.org/paper-presentations/it.html]
[stepcone.gmrit.org/paper-presentations/power.html]
[stepcone.gmrit.org/workshops/index.html]
[stepcone.gmrit.org/workshops/aspen.html]
[stepcone.gmrit.org/workshops/3d-printing.html]
[stepcone.gmrit.org/workshops/biped-robotics.html]
[stepcone.gmrit.org/workshops/brain-wave.html]
[stepcone.gmrit.org/workshops/andro-engine.html]
[stepcone.gmrit.org/workshops/cross-platform-app.html]
[stepcone.gmrit.org/workshops/cyber-security.html]
[stepcone.gmrit.org/workshops/internet-of-things.html]
[stepcone.gmrit.org/workshops/augmented-reality.html]
[stepcone.gmrit.org/workshops/pcb-design.html]
[stepcone.gmrit.org/workshops/photo-voltaics.html]
[stepcone.gmrit.org/workshops/project-planning.html]
[stepcone.gmrit.org/workshops/survey.html]
[stepcone.gmrit.org/spotlights&other/index.html]
[stepcone.gmrit.org/spotlights&other/adc.html]
[stepcone.gmrit.org/spotlights&other/hackathon.html]
[stepcone.gmrit.org/spotlights&other/idea-bucket.html]
[stepcone.gmrit.org/spotlights&other/idp.html]
[stepcone.gmrit.org/spotlights&other/pdc.html]
[stepcone.gmrit.org/spotlights&other/rc.html]
[stepcone.gmrit.org/spotlights&other/robo.html]
[stepcone.gmrit.org/spotlights&other/talk.html]
[stepcone.gmrit.org/technical/index.html]
[stepcone.gmrit.org/technical/cad-conquer.html]
[stepcone.gmrit.org/technical/cad-mania.html]
[stepcone.gmrit.org/technical/chromatics.html]
[stepcone.gmrit.org/technical/cognito-tesoro.html]
[stepcone.gmrit.org/technical/debugging.html]
[stepcone.gmrit.org/technical/electrozen.html]
[stepcone.gmrit.org/technical/fox-hunt.html]
[stepcone.gmrit.org/technical/gordion-knot.html]
[stepcone.gmrit.org/technical/maze-runner.html]
[stepcone.gmrit.org/technical/poster-presentation.html]
[stepcone.gmrit.org/technical/technical-quiz.html]
[stepcone.gmrit.org/accommodation.html]
[stepcone.gmrit.org/registration.html]
[stepcone.gmrit.org/about.html]
[stepcone.gmrit.org/assets/images/ca.png]
[stepcone.gmrit.org/assets/images/digital.png]
[stepcone.gmrit.org/stepcone_poster.html]
[stepcone.gmrit.org/campus-ambassador.html]
[stepcone.gmrit.org/assets/images/paper.jpg]
[stepcone.gmrit.org/assets/images/workshops.jpg]
[stepcone.gmrit.org/assets/images/spotlights.jpg]
[stepcone.gmrit.org/assets/images/technical.jpg]
[stepcone.gmrit.org/assets/images/culturals.jpg]
[stepcone.gmrit.org/assets/images/sponsors/gmr.png]
[stepcone.gmrit.org/assets/images/sponsors/aviso.png]
[stepcone.gmrit.org/assets/images/sponsors/codetantra.png]
[stepcone.gmrit.org/assets/images/sponsors/gateforum.png]
[stepcone.gmrit.org/assets/images/sponsors/social.png]
[stepcone.gmrit.org/assets/images/sponsors/teleport.png]
[stepcone.gmrit.org/culturals.html]
[stepcone.gmrit.org/pp.html]
[stepcone.gmrit.org/assets/js/TweenMax.min.js]
[stepcone.gmrit.org/assets/js/jquery.min.js]
[stepcone.gmrit.org/assets/js/own-menu.js]
[stepcone.gmrit.org/assets/js/jquery.sticky.js]
[stepcone.gmrit.org/assets/js/main.js]
[maxcdn.bootstrapcdn.com/bootstrap/3.3.7/js/bootstrap.min.js]
[stepcone.gmrit.org/home.html]
[stepcone.gmrit.org/assets/css/responsive.css]
[stepcone.gmrit.org/assets/js/home.js]
[stepcone.gmrit.org/assets/css/bootstrap.min.css]
[stepcone.gmrit.org/assets/css/no-animate.css]
[stepcone.gmrit.org/assets/fonts/AlphaMaleModern.ttf]
[stepcone.gmrit.org/assets/fonts/QuantifyBold.ttf]
[stepcone.gmrit.org/assets/css/home.css]
[stepcone.gmrit.org/assets/fonts/Electro Shackle.otf]
[stepcone.gmrit.org/assets/css/home-page.css]
[cdnjs.cloudflare.com/ajax/libs/font-awesome/4.7.0/css/font-awesome.min.css]
[cdn.rawgit.com/michalsnik/aos/2.1.1/dist/aos.css]
[cdn.rawgit.com/michalsnik/aos/2.1.1/dist/aos.js]
[stepcone.gmrit.org/assets/css/about.css]
[stepcone.gmrit.org/paper-presentations/mech.html]
[stepcone.gmrit.org/assets/images/paper/cse.jpg]
[stepcone.gmrit.org/assets/images/paper/che.jpg]
[stepcone.gmrit.org/assets/images/paper/civil.jpg]
[stepcone.gmrit.org/assets/images/paper/ece.jpg]
[stepcone.gmrit.org/assets/images/paper/eee.jpg]
[stepcone.gmrit.org/assets/images/paper/it.jpg]
[stepcone.gmrit.org/assets/images/paper/mech.jpg]
[stepcone.gmrit.org/assets/images/paper/power.jpg]
[stepcone.gmrit.org/paper-presentations/index.html]
[stepcone.gmrit.org/paper-presentations/cse.html]
[stepcone.gmrit.org/paper-presentations/che.html]
[stepcone.gmrit.org/paper-presentations/civil.html]
[stepcone.gmrit.org/assets/js/loader.js]
[stepcone.gmrit.org/paper-presentations/ece.html]
[stepcone.gmrit.org/paper-presentations/eee.html]
[stepcone.gmrit.org/workshops/index-2.html]
[stepcone.gmrit.org/paper-presentations/it.html]
[stepcone.gmrit.org/paper-presentations/meech.html]
[stepcone.gmrit.org/paper-presentations/power.html]
[stepcone.gmrit.org/technical/index-2.html]
[cdnjs.cloudflare.com/ajax/libs/eqcss/1.5.0/EQCSS.min.js]
[stepcone.gmrit.org/assets/images/work/aspen.jpg]
[stepcone.gmrit.org/assets/images/work/3dp.jpg]
[stepcone.gmrit.org/assets/images/work/bipedrobotics.jpg]
[stepcone.gmrit.org/assets/images/work/brainwave.jpg]
[stepcone.gmrit.org/assets/images/work/CrossPlatform.jpg]
[stepcone.gmrit.org/assets/images/work/Cyber-Security.jpg]
[stepcone.gmrit.org/assets/images/work/iot.jpg]
[stepcone.gmrit.org/assets/images/work/pcb.jpg]
[stepcone.gmrit.org/assets/images/work/photovoltaics.jpg]
[stepcone.gmrit.org/assets/images/work/andro-engine.jpg]
[stepcone.gmrit.org/assets/images/work/projectplanning.jpg]
[stepcone.gmrit.org/assets/images/work/Survey.jpg]
[stepcone.gmrit.org/workshops/index.html]
[stepcone.gmrit.org/workshops/aspen.html]
[stepcone.gmrit.org/workshops/3d-printing.html]
[stepcone.gmrit.org/pdf/swam.pdf]
[stepcone.gmrit.org/workshops/biped-robotics.html]
[stepcone.gmrit.org/pdf/bwcr.pdf]
[stepcone.gmrit.org/workshops/brain-wave.html]
[stepcone.gmrit.org/workshops/andro-engine.html]
[stepcone.gmrit.org/pdf/cpad.pdf]
[stepcone.gmrit.org/workshops/cross-platform-app.html]
[stepcone.gmrit.org/pdf/eh.pdf]
[stepcone.gmrit.org/workshops/cyber-security.html]
[stepcone.gmrit.org/pdf/iot.pdf]
[stepcone.gmrit.org/workshops/internet-of-things.html]
[stepcone.gmrit.org/assets/images/work/augmentedreality.jpg]
[stepcone.gmrit.org/workshops/augmented-reality.html]
[stepcone.gmrit.org/pdf/pcb.pdf]
[stepcone.gmrit.org/workshops/pcb-design.html]
[stepcone.gmrit.org/pdf/pvcd.pdf]
[stepcone.gmrit.org/workshops/photo-voltaics.html]
[stepcone.gmrit.org/under_con.html]
[stepcone.gmrit.org/workshops/project-planning.html]
[stepcone.gmrit.org/assets/images/work/survey-2.jpg]
[stepcone.gmrit.org/workshops/survey.html]
[stepcone.gmrit.org/assets/images/spotlights&other/adc.jpg]
[stepcone.gmrit.org/assets/images/spotlights&other/pdc.jpg]
[stepcone.gmrit.org/assets/images/spotlights&other/hackathon.jpg]
[stepcone.gmrit.org/assets/images/spotlights&other/rccar.jpg]
[stepcone.gmrit.org/assets/images/spotlights&other/robo.jpg]
[stepcone.gmrit.org/assets/images/spotlights&other/idea.jpg]
[stepcone.gmrit.org/assets/images/spotlights&other/idp.jpg]
[stepcone.gmrit.org/assets/images/spotlights&other/talk.jpg]
[stepcone.gmrit.org/spotlights&other/index.html]
[cdnjs.cloudflare.com/ajax/libs/normalize/5.0.0/normalize.min.css]
[stepcone.gmrit.org/assets/css/main.css]
[stepcone.gmrit.org/spotlights&other/adc.html]
[stepcone.gmrit.org/spotlights&other/hackathon.html]
[stepcone.gmrit.org/spotlights&other/idea-bucket.html]
[stepcone.gmrit.org/spotlights&other/idp.html]
[cdnjs.cloudflare.com/ajax/libs/jquery/2.1.3/jquery.min.js]
[stepcone.gmrit.org/spotlights&other/pdc.html]
[stepcone.gmrit.org/spotlights&other/rc.html]
[cdnjs.cloudflare.com/ajax/libs/gsap/1.19.0/TweenMax.min.js]
[stepcone.gmrit.org/assets/images/spotlights&other/robo_bg.png]
[stepcone.gmrit.org/spotlights&other/robo.html]
[stepcone.gmrit.org/spotlights&other/talk.html]
[stepcone.gmrit.org/assets/images/technical/debugging-contest.jpg]
[stepcone.gmrit.org/assets/images/technical/cognito-tesoro.jpg]
[stepcone.gmrit.org/assets/images/technical/gordion-knot.png]
[stepcone.gmrit.org/assets/images/technical/chromatics.jpg]
[stepcone.gmrit.org/assets/images/technical/technical-quiz.jpg]
[stepcone.gmrit.org/assets/images/technical/cad-mania.jpg]
[stepcone.gmrit.org/assets/images/technical/maze-runner.jpg]
[stepcone.gmrit.org/assets/images/technical/electrozen.jpg]
[stepcone.gmrit.org/assets/images/technical/fox-hunt.jpg]
[stepcone.gmrit.org/assets/images/technical/cad-conquer.jpg]
[stepcone.gmrit.org/assets/images/technical/poster-presentation.jpg]
[stepcone.gmrit.org/technical/index.html]
[stepcone.gmrit.org/technical/cad-conquer.html]
[stepcone.gmrit.org/technical/cad-mania.html]
[stepcone.gmrit.org/technical/chromatics.html]
[stepcone.gmrit.org/technical/cognito-tesoro.html]
[stepcone.gmrit.org/technical/debugging.html]
[stepcone.gmrit.org/technical/electrozen.html]
[stepcone.gmrit.org/technical/fox-hunt.html]
[stepcone.gmrit.org/technical/gordion-knot.html]
[stepcone.gmrit.org/technical/maze-runner.html]
[stepcone.gmrit.org/technical/poster-presentation.html]
[stepcone.gmrit.org/technical/technical-quiz.html]
[stepcone.gmrit.org/assets/images/accommodation.jpg]
[stepcone.gmrit.org/accommodation.html]
[stepcone.gmrit.org/assets/css/register.css]
[stepcone.gmrit.org/registration.html]
[stepcone.gmrit.org/assets/js/bootstrap.min.js]
[stepcone.gmrit.org/assets/images/simg/001.jpg]
[stepcone.gmrit.org/assets/images/simg/002.jpg]
[stepcone.gmrit.org/assets/images/simg/003.jpg]
[stepcone.gmrit.org/assets/images/simg/004.jpg]
[stepcone.gmrit.org/assets/images/simg/005.jpg]
[stepcone.gmrit.org/assets/images/simg/006.jpg]
[stepcone.gmrit.org/assets/images/simg/007.jpg]
[stepcone.gmrit.org/assets/images/simg/008.jpg]
[stepcone.gmrit.org/assets/images/simg/009.jpg]
[stepcone.gmrit.org/assets/images/simg/010.jpg]
[stepcone.gmrit.org/assets/images/simg/011.jpg]
[stepcone.gmrit.org/assets/images/simg/012.jpg]
[stepcone.gmrit.org/assets/images/simg/013.jpg]
[stepcone.gmrit.org/assets/images/team/srikanth.jpg]
[stepcone.gmrit.org/assets/images/team/babu.jpg]
[stepcone.gmrit.org/assets/images/team/niroop.jpg]
[stepcone.gmrit.org/assets/images/team/sunhitha.jpg]
[stepcone.gmrit.org/assets/images/team/yasaswi.jpg]
[stepcone.gmrit.org/assets/images/team/raviteja.jpg]
[stepcone.gmrit.org/assets/images/team/hussain.jpg]
[stepcone.gmrit.org/assets/images/team/hari_prasad.jpg]
[stepcone.gmrit.org/assets/images/team/bhargav.jpg]
[stepcone.gmrit.org/assets/images/team/charan.jpg]
[stepcone.gmrit.org/assets/images/team/rohit.jpg]
[stepcone.gmrit.org/assets/images/team/phaneendra.jpg]
[stepcone.gmrit.org/assets/images/team/uday.jpg]
[stepcone.gmrit.org/assets/images/team/raju.jpg]
[stepcone.gmrit.org/assets/images/team/bharadwaj.jpg]
[stepcone.gmrit.org/assets/images/team/sireesha.jpg]
[stepcone.gmrit.org/assets/images/team/pavan.jpg]
[stepcone.gmrit.org/assets/images/team/niranjansai.jpg]
[stepcone.gmrit.org/assets/images/team/rahul.jpg]
[stepcone.gmrit.org/assets/images/team/rakesh.jpg]
[stepcone.gmrit.org/assets/images/team/tamishra.jpg]
[stepcone.gmrit.org/assets/images/team/sriteja.jpg]
[stepcone.gmrit.org/assets/images/team/kavya.jpg]
[stepcone.gmrit.org/assets/images/team/gopi.jpg]
[stepcone.gmrit.org/assets/images/team/dinesh.jpg]
[stepcone.gmrit.org/assets/images/team/snehith.jpg]
[stepcone.gmrit.org/assets/images/team/dineshkumar.jpg]
[stepcone.gmrit.org/assets/images/team/vivek.jpg]
[stepcone.gmrit.org/assets/images/team/teerth.jpg]
[stepcone.gmrit.org/assets/images/p-cards/hackathon.jpg]
[stepcone.gmrit.org/assets/images/p-cards/app.jpg]
[stepcone.gmrit.org/assets/images/p-cards/rccar.jpg]
[stepcone.gmrit.org/assets/images/p-cards/pdc.jpg]
[stepcone.gmrit.org/assets/images/p-cards/idea.jpg]
[stepcone.gmrit.org/assets/images/p-cards/idp.jpg]
[stepcone.gmrit.org/assets/images/p-cards/robo.jpg]
[stepcone.gmrit.org/assets/images/p-cards/ppt.jpg]
[stepcone.gmrit.org/assets/js/smoothslides-2.1.0.min.js]
[stepcone.gmrit.org/assets/js/slider.js]
[stepcone.gmrit.org/about.html]
[stepcone.gmrit.org/assets/images/Stepcone_poster_dup.jpg]
[stepcone.gmrit.org/stepcone_poster.html]
[stepcone.gmrit.org/campus-ambassador.html]
[stepcone.gmrit.org/culturals.html]
[stepcone.gmrit.org/pp.html]
[stepcone.gmrit.org/assets/assets/images/spotlights&other/adc_bg.html]
[stepcone.gmrit.org/assets/images/def-bg.svg]
[stepcone.gmrit.org/assets/images/first_icon.html]
[stepcone.gmrit.org/assets/images/main-stepcone app.html]
[cdn.rawgit.com/michalsnik/aos/2.1.1/dist/aos.css]
[stepcone.gmrit.org/assets/css/about.css]
[stepcone.gmrit.org/paper-presentations/mech.html]
[stepcone.gmrit.org/assets/images/paper/cse.jpg]
[stepcone.gmrit.org/workshops/index-2.html]
[stepcone.gmrit.org/spotlights&other/index-2.html]
[stepcone.gmrit.org/technical/index-2.html]
[stepcone.gmrit.org/assets/images/work/photovoltaics.jpg]
[stepcone.gmrit.org/under_con.html]
[cdnjs.cloudflare.com/ajax/libs/normalize/5.0.0/normalize.min.css]
[stepcone.gmrit.org/assets/css/main.css]
[stepcone.gmrit.org/workshops/cnc-programming.html]
[stepcone.gmrit.org/technical/residues.html]
[stepcone.gmrit.org/assets/css/animate.html]
[stepcone.gmrit.org/assets/css/font.html]
[stepcone.gmrit.org/assets/css/register.css]
[stepcone.gmrit.org/tamgoogy2013@gmail.html]
[stepcone.gmrit.org/kavyabhogi1997@gmail.html]
[stepcone.gmrit.org/vinukotidinesh@gmail.html]
[stepcone.gmrit.org/whatsapp_/send_text=GMRIT's Stepcone, one of the biggest/stepcone.gmrit.org/paper/index.html]
